get  separations_202501.parquet (v3)
get  separations_202502.parquet (v4)
get  separations_202503.parquet (v4)
get  separations_202504.parquet (v4)
get  separations_202505.parquet (v4)
get  separations_202506.parquet (v4)
get  separations_202507.parquet (v4)
get  separations_202508.parquet (v4)
skip separations_202509.parquet
get  separations_202510.parquet (v4)
get  separations_202511.parquet (v4)
get  separations_202512.parquet (v3)
get  separations_202601.parquet (v2)
get  separations_202602.parquet (v2)
get  separations_202603.parquet (v1)
get  separations_202604.parquet (v1)
get  separations_202605.parquet (v1)
get  separations_202606.parquet (v3)
get  separations_202607.parquet (v1)
skip employment_202501.parquet
get  employment_202502.parquet (v3)
get  employment_202503.parquet (v3)
get  employment_202504.parquet (v3)
get  employment_202505.parquet (v3)
get  employment_202506.parquet (v3)
get  employment_202507.parquet (v3)
get  employment_202508.parquet (v3)
get  employment_202509.parquet (v3)
get  employment_202510.parquet (v3)
get  employment_202511.parquet (v3)
get  employment_202512.parquet (v3)
get  employment_202601.parquet (v2)
get  employment_202602.parquet (v2)
get  employment_202603.parquet (v1)
get  employment_202604.parquet (v1)
get  employment_202605.parquet (v1)
get  employment_202606.parquet (v2)
skip employment_202607.parquet
exit 0
